Traceback (most recent call last):
  File "<frozen runpy>", line 198, in _run_module_as_main
  File "<frozen runpy>", line 88, in _run_code
  File "/home/mount/Repositories/BoostedSpan/src/train_task2.py", line 22, in <module>
    import torch
  File "/home/mount/Repositories/BoostedSpan/.venv/lib/python3.12/site-packages/torch/__init__.py", line 2868, in <module>
    from torch import (
  File "/home/mount/Repositories/BoostedSpan/.venv/lib/python3.12/site-packages/torch/export/__init__.py", line 42, in <module>
    from .decomp_utils import CustomDecompTable
  File "/home/mount/Repositories/BoostedSpan/.venv/lib/python3.12/site-packages/torch/export/decomp_utils.py", line 5, in <module>
    from torch._export.utils import (
  File "/home/mount/Repositories/BoostedSpan/.venv/lib/python3.12/site-packages/torch/_export/__init__.py", line 49, in <module>
    from .wrappers import _wrap_submodules
  File "/home/mount/Repositories/BoostedSpan/.venv/lib/python3.12/site-packages/torch/_export/wrappers.py", line 10, in <module>
    from torch._higher_order_ops.flat_apply import (
  File "/home/mount/Repositories/BoostedSpan/.venv/lib/python3.12/site-packages/torch/_higher_order_ops/__init__.py", line 25, in <module>
    from torch._higher_order_ops.invoke_subgraph import invoke_subgraph
  File "/home/mount/Repositories/BoostedSpan/.venv/lib/python3.12/site-packages/torch/_higher_order_ops/invoke_subgraph.py", line 42, in <module>
    from torch.utils._debug_mode import DebugMode
  File "/home/mount/Repositories/BoostedSpan/.venv/lib/python3.12/site-packages/torch/utils/_debug_mode/__init__.py", line 17, in <module>
    from torch.utils._debug_mode._mode import (
  File "/home/mount/Repositories/BoostedSpan/.venv/lib/python3.12/site-packages/torch/utils/_debug_mode/_mode.py", line 116, in <module>
    @torch.library.custom_op("debug_mode_ops::annotate", mutates_args=())
     ^^^^^^^^^^^^^^^^^^^^^^^^^^^^^^^^^^^^^^^^^^^^^^^^^^^^^^^^^^^^^^^^^^^^
  File "/home/mount/Repositories/BoostedSpan/.venv/lib/python3.12/site-packages/torch/_library/custom_ops.py", line 249, in inner
    result = CustomOpDef(namespace, opname, schema_str, fn, normalized_tags)
             ^^^^^^^^^^^^^^^^^^^^^^^^^^^^^^^^^^^^^^^^^^^^^^^^^^^^^^^^^^^^^^^
  File "/home/mount/Repositories/BoostedSpan/.venv/lib/python3.12/site-packages/torch/_library/custom_ops.py", line 309, in __init__
    self._register_to_dispatcher(self._tags)
  File "/home/mount/Repositories/BoostedSpan/.venv/lib/python3.12/site-packages/torch/_library/custom_ops.py", line 750, in _register_to_dispatcher
    self._register_fake_dispatcher_impl()
  File "/home/mount/Repositories/BoostedSpan/.venv/lib/python3.12/site-packages/torch/_library/custom_ops.py", line 786, in _register_fake_dispatcher_impl
    self._lib._register_fake(self._name, fake_impl, _stacklevel=5)
  File "/home/mount/Repositories/BoostedSpan/.venv/lib/python3.12/site-packages/torch/library.py", line 331, in _register_fake
    source = torch._library.utils.get_source(_stacklevel + 1)
             ^^^^^^^^^^^^^^^^^^^^^^^^^^^^^^^^^^^^^^^^^^^^^^^^
  File "/home/mount/Repositories/BoostedSpan/.venv/lib/python3.12/site-packages/torch/_library/utils.py", line 45, in get_source
    frame = inspect.getframeinfo(sys._getframe(stacklevel))
            ^^^^^^^^^^^^^^^^^^^^^^^^^^^^^^^^^^^^^^^^^^^^^^^
  File "/usr/lib/python3.12/inspect.py", line 1707, in getframeinfo
    lines, lnum = findsource(frame)
                  ^^^^^^^^^^^^^^^^^
  File "/usr/lib/python3.12/inspect.py", line 1083, in findsource
    module = getmodule(object, file)
             ^^^^^^^^^^^^^^^^^^^^^^^
  File "/usr/lib/python3.12/inspect.py", line 1009, in getmodule
    os.path.realpath(f)] = module.__name__
    ^^^^^^^^^^^^^^^^^^^
  File "<frozen posixpath>", line 432, in realpath
  File "<frozen posixpath>", line 480, in _joinrealpath
KeyboardInterrupt
