Traceback (most recent call last):
  File "<frozen runpy>", line 198, in _run_module_as_main
  File "<frozen runpy>", line 88, in _run_code
  File "/home/mount/Repositories/BoostedSpan/src/train_task2.py", line 21, in <module>
    import numpy as np
  File "/home/mount/Repositories/BoostedSpan/.venv/lib/python3.12/site-packages/numpy/__init__.py", line 149, in <module>
    from . import lib
  File "/home/mount/Repositories/BoostedSpan/.venv/lib/python3.12/site-packages/numpy/lib/__init__.py", line 23, in <module>
    from . import index_tricks
  File "/home/mount/Repositories/BoostedSpan/.venv/lib/python3.12/site-packages/numpy/lib/index_tricks.py", line 12, in <module>
    import numpy.matrixlib as matrixlib
  File "/home/mount/Repositories/BoostedSpan/.venv/lib/python3.12/site-packages/numpy/matrixlib/__init__.py", line 4, in <module>
    from . import defmatrix
  File "<frozen importlib._bootstrap>", line 1360, in _find_and_load
  File "<frozen importlib._bootstrap>", line 1331, in _find_and_load_unlocked
  File "<frozen importlib._bootstrap>", line 935, in _load_unlocked
  File "<frozen importlib._bootstrap_external>", line 991, in exec_module
  File "<frozen importlib._bootstrap_external>", line 1124, in get_code
  File "<frozen importlib._bootstrap_external>", line 753, in _compile_bytecode
KeyboardInterrupt
