Exception ignored in: <function _get_module_lock.<locals>.cb at 0x772f399e4a40>
Traceback (most recent call last):
  File "<frozen importlib._bootstrap>", line 445, in cb
KeyboardInterrupt: 
Traceback (most recent call last):
  File "<frozen runpy>", line 198, in _run_module_as_main
  File "<frozen runpy>", line 88, in _run_code
  File "/home/mount/Repositories/BoostedSpan/src/train_task2.py", line 22, in <module>
    import torch
  File "/home/mount/Repositories/BoostedSpan/.venv/lib/python3.12/site-packages/torch/__init__.py", line 444, in <module>
    _load_global_deps()
  File "/home/mount/Repositories/BoostedSpan/.venv/lib/python3.12/site-packages/torch/__init__.py", line 395, in _load_global_deps
    _preload_cuda_deps()
  File "/home/mount/Repositories/BoostedSpan/.venv/lib/python3.12/site-packages/torch/__init__.py", line 362, in _preload_cuda_deps
    _preload_cuda_lib(lib_folder, lib_name)
  File "/home/mount/Repositories/BoostedSpan/.venv/lib/python3.12/site-packages/torch/__init__.py", line 327, in _preload_cuda_lib
    ctypes.CDLL(lib_path)
  File "/usr/lib/python3.12/ctypes/__init__.py", line 379, in __init__
    self._handle = _dlopen(self._name, mode)
                   ^^^^^^^^^^^^^^^^^^^^^^^^^
KeyboardInterrupt
